// Jest Snapshot v1, https://goo.gl/fbAQLP

exports[`Logo.tsx component match to snapshot 1`] = `
<div>
  <div
    style="width: 100%; height: 100%;"
  />
  <span
    hidden=""
    id="__chakra_env"
  />
</div>
`;
