// Jest Snapshot v1, https://goo.gl/fbAQLP

exports[`CustomDatePicker.tsx component match to snapshot 1`] = `<div />`;
