// Jest Snapshot v1, https://goo.gl/fbAQLP

exports[`Fonts.tsx component match to snapshot 1`] = `<div />`;
