// Jest Snapshot v1, https://goo.gl/fbAQLP

exports[`WithdrawModal.tsx component match to snapshot 1`] = `
<div
  aria-hidden="true"
  data-aria-hidden="true"
/>
`;
